
> client@0.1.0 build
> next build

   Creating an optimized production build ...
node.exe :  ÔÜá 
Compiled with 
warnings
En línea: 1 
Carácter: 1
+ & "C:\Program Files
\nodejs/node.exe" "C:
\Users\alexh\AppData\
Roaming\ ...
+ ~~~~~~~~~~~~~~~~~~~
~~~~~~~~~~~~~~~~~~~~~
~~~~~~~~~~~~~~~~~~~~~
~~~~~~~~
    + CategoryInfo   
           : NotSpe  
  cified: ( ÔÜá Co   
 mpiled with warn    
ings:String) [],     
RemoteException
    + FullyQualified 
   ErrorId : Native  
  CommandError
 

./components/quotes/Q
uotePDF.tsx
Attempted import 
error: 'StyleSheet' 
is not exported from 
'@react-pdf/renderer'
 (imported as 
'StyleSheet').

Import trace for 
requested module:
./components/quotes/Q
uotePDF.tsx
./components/quotes/Q
uotePreviewModal.tsx
./components/quotes/Q
uoteBuilder.tsx
./app/dashboard/quote
s/page.tsx

./components/quotes/Q
uotePDF.tsx
Attempted import 
error: 'Document' is 
not exported from '@r
eact-pdf/renderer' 
(imported as 
'Document').

Import trace for 
requested module:
./components/quotes/Q
uotePDF.tsx
./components/quotes/Q
uotePreviewModal.tsx
./components/quotes/Q
uoteBuilder.tsx
./app/dashboard/quote
s/page.tsx

./components/quotes/Q
uotePDF.tsx
Attempted import 
error: 'Page' is not 
exported from '@react
-pdf/renderer' 
(imported as 'Page').

Import trace for 
requested module:
./components/quotes/Q
uotePDF.tsx
./components/quotes/Q
uotePreviewModal.tsx
./components/quotes/Q
uoteBuilder.tsx
./app/dashboard/quote
s/page.tsx

./components/quotes/Q
uotePDF.tsx
Attempted import 
error: 'View' is not 
exported from '@react
-pdf/renderer' 
(imported as 'View').

Import trace for 
requested module:
./components/quotes/Q
uotePDF.tsx
./components/quotes/Q
uotePreviewModal.tsx
./components/quotes/Q
uoteBuilder.tsx
./app/dashboard/quote
s/page.tsx

./components/quotes/Q
uotePDF.tsx
Attempted import 
error: 'View' is not 
exported from '@react
-pdf/renderer' 
(imported as 'View').

Import trace for 
requested module:
./components/quotes/Q
uotePDF.tsx
./components/quotes/Q
uotePreviewModal.tsx
./components/quotes/Q
uoteBuilder.tsx
./app/dashboard/quote
s/page.tsx

./components/quotes/Q
uotePDF.tsx
Attempted import 
error: 'Text' is not 
exported from '@react
-pdf/renderer' 
(imported as 'Text').

Import trace for 
requested module:
./components/quotes/Q
uotePDF.tsx
./components/quotes/Q
uotePreviewModal.tsx
./components/quotes/Q
uoteBuilder.tsx
./app/dashboard/quote
s/page.tsx

./components/quotes/Q
uotePDF.tsx
Attempted import 
error: 'Text' is not 
exported from '@react
-pdf/renderer' 
(imported as 'Text').

Import trace for 
requested module:
./components/quotes/Q
uotePDF.tsx
./components/quotes/Q
uotePreviewModal.tsx
./components/quotes/Q
uoteBuilder.tsx
./app/dashboard/quote
s/page.tsx

./components/quotes/Q
uotePDF.tsx
Attempted import 
error: 'View' is not 
exported from '@react
-pdf/renderer' 
(imported as 'View').

Import trace for 
requested module:
./components/quotes/Q
uotePDF.tsx
./components/quotes/Q
uotePreviewModal.tsx
./components/quotes/Q
uoteBuilder.tsx
./app/dashboard/quote
s/page.tsx

./components/quotes/Q
uotePDF.tsx
Attempted import 
error: 'Text' is not 
exported from '@react
-pdf/renderer' 
(imported as 'Text').

Import trace for 
requested module:
./components/quotes/Q
uotePDF.tsx
./components/quotes/Q
uotePreviewModal.tsx
./components/quotes/Q
uoteBuilder.tsx
./app/dashboard/quote
s/page.tsx

./components/quotes/Q
uotePDF.tsx
Attempted import 
error: 'Text' is not 
exported from '@react
-pdf/renderer' 
(imported as 'Text').

Import trace for 
requested module:
./components/quotes/Q
uotePDF.tsx
./components/quotes/Q
uotePreviewModal.tsx
./components/quotes/Q
uoteBuilder.tsx
./app/dashboard/quote
s/page.tsx

./components/quotes/Q
uotePDF.tsx
Attempted import 
error: 'Text' is not 
exported from '@react
-pdf/renderer' 
(imported as 'Text').

Import trace for 
requested module:
./components/quotes/Q
uotePDF.tsx
./components/quotes/Q
uotePreviewModal.tsx
./components/quotes/Q
uoteBuilder.tsx
./app/dashboard/quote
s/page.tsx

./components/quotes/Q
uotePDF.tsx
Attempted import 
error: 'Text' is not 
exported from '@react
-pdf/renderer' 
(imported as 'Text').

Import trace for 
requested module:
./components/quotes/Q
uotePDF.tsx
./components/quotes/Q
uotePreviewModal.tsx
./components/quotes/Q
uoteBuilder.tsx
./app/dashboard/quote
s/page.tsx

./components/quotes/Q
uotePDF.tsx
Attempted import 
error: 'View' is not 
exported from '@react
-pdf/renderer' 
(imported as 'View').

Import trace for 
requested module:
./components/quotes/Q
uotePDF.tsx
./components/quotes/Q
uotePreviewModal.tsx
./components/quotes/Q
uoteBuilder.tsx
./app/dashboard/quote
s/page.tsx

./components/quotes/Q
uotePDF.tsx
Attempted import 
error: 'Text' is not 
exported from '@react
-pdf/renderer' 
(imported as 'Text').

Import trace for 
requested module:
./components/quotes/Q
uotePDF.tsx
./components/quotes/Q
uotePreviewModal.tsx
./components/quotes/Q
uoteBuilder.tsx
./app/dashboard/quote
s/page.tsx

./components/quotes/Q
uotePDF.tsx
Attempted import 
error: 'Text' is not 
exported from '@react
-pdf/renderer' 
(imported as 'Text').

Import trace for 
requested module:
./components/quotes/Q
uotePDF.tsx
./components/quotes/Q
uotePreviewModal.tsx
./components/quotes/Q
uoteBuilder.tsx
./app/dashboard/quote
s/page.tsx

./components/quotes/Q
uotePDF.tsx
Attempted import 
error: 'View' is not 
exported from '@react
-pdf/renderer' 
(imported as 'View').

Import trace for 
requested module:
./components/quotes/Q
uotePDF.tsx
./components/quotes/Q
uotePreviewModal.tsx
./components/quotes/Q
uoteBuilder.tsx
./app/dashboard/quote
s/page.tsx

./components/quotes/Q
uotePDF.tsx
Attempted import 
error: 'View' is not 
exported from '@react
-pdf/renderer' 
(imported as 'View').

Import trace for 
requested module:
./components/quotes/Q
uotePDF.tsx
./components/quotes/Q
uotePreviewModal.tsx
./components/quotes/Q
uoteBuilder.tsx
./app/dashboard/quote
s/page.tsx

./components/quotes/Q
uotePDF.tsx
Attempted import 
error: 'View' is not 
exported from '@react
-pdf/renderer' 
(imported as 'View').

Import trace for 
requested module:
./components/quotes/Q
uotePDF.tsx
./components/quotes/Q
uotePreviewModal.tsx
./components/quotes/Q
uoteBuilder.tsx
./app/dashboard/quote
s/page.tsx

./components/quotes/Q
uotePDF.tsx
Attempted import 
error: 'Text' is not 
exported from '@react
-pdf/renderer' 
(imported as 'Text').

Import trace for 
requested module:
./components/quotes/Q
uotePDF.tsx
./components/quotes/Q
uotePreviewModal.tsx
./components/quotes/Q
uoteBuilder.tsx
./app/dashboard/quote
s/page.tsx

./components/quotes/Q
uotePDF.tsx
Attempted import 
error: 'View' is not 
exported from '@react
-pdf/renderer' 
(imported as 'View').

Import trace for 
requested module:
./components/quotes/Q
uotePDF.tsx
./components/quotes/Q
uotePreviewModal.tsx
./components/quotes/Q
uoteBuilder.tsx
./app/dashboard/quote
s/page.tsx

./components/quotes/Q
uotePDF.tsx
Attempted import 
error: 'Text' is not 
exported from '@react
-pdf/renderer' 
(imported as 'Text').

Import trace for 
requested module:
./components/quotes/Q
uotePDF.tsx
./components/quotes/Q
uotePreviewModal.tsx
./components/quotes/Q
uoteBuilder.tsx
./app/dashboard/quote
s/page.tsx

./components/quotes/Q
uotePDF.tsx
Attempted import 
error: 'View' is not 
exported from '@react
-pdf/renderer' 
(imported as 'View').

Import trace for 
requested module:
./components/quotes/Q
uotePDF.tsx
./components/quotes/Q
uotePreviewModal.tsx
./components/quotes/Q
uoteBuilder.tsx
./app/dashboard/quote
s/page.tsx

./components/quotes/Q
uotePDF.tsx
Attempted import 
error: 'Text' is not 
exported from '@react
-pdf/renderer' 
(imported as 'Text').

Import trace for 
requested module:
./components/quotes/Q
uotePDF.tsx
./components/quotes/Q
uotePreviewModal.tsx
./components/quotes/Q
uoteBuilder.tsx
./app/dashboard/quote
s/page.tsx

./components/quotes/Q
uotePDF.tsx
Attempted import 
error: 'View' is not 
exported from '@react
-pdf/renderer' 
(imported as 'View').

Import trace for 
requested module:
./components/quotes/Q
uotePDF.tsx
./components/quotes/Q
uotePreviewModal.tsx
./components/quotes/Q
uoteBuilder.tsx
./app/dashboard/quote
s/page.tsx

./components/quotes/Q
uotePDF.tsx
Attempted import 
error: 'Text' is not 
exported from '@react
-pdf/renderer' 
(imported as 'Text').

Import trace for 
requested module:
./components/quotes/Q
uotePDF.tsx
./components/quotes/Q
uotePreviewModal.tsx
./components/quotes/Q
uoteBuilder.tsx
./app/dashboard/quote
s/page.tsx

./components/quotes/Q
uotePDF.tsx
Attempted import 
error: 'View' is not 
exported from '@react
-pdf/renderer' 
(imported as 'View').

Import trace for 
requested module:
./components/quotes/Q
uotePDF.tsx
./components/quotes/Q
uotePreviewModal.tsx
./components/quotes/Q
uoteBuilder.tsx
./app/dashboard/quote
s/page.tsx

./components/quotes/Q
uotePDF.tsx
Attempted import 
error: 'View' is not 
exported from '@react
-pdf/renderer' 
(imported as 'View').

Import trace for 
requested module:
./components/quotes/Q
uotePDF.tsx
./components/quotes/Q
uotePreviewModal.tsx
./components/quotes/Q
uoteBuilder.tsx
./app/dashboard/quote
s/page.tsx

./components/quotes/Q
uotePDF.tsx
Attempted import 
error: 'Text' is not 
exported from '@react
-pdf/renderer' 
(imported as 'Text').

Import trace for 
requested module:
./components/quotes/Q
uotePDF.tsx
./components/quotes/Q
uotePreviewModal.tsx
./components/quotes/Q
uoteBuilder.tsx
./app/dashboard/quote
s/page.tsx

./components/quotes/Q
uotePDF.tsx
Attempted import 
error: 'View' is not 
exported from '@react
-pdf/renderer' 
(imported as 'View').

Import trace for 
requested module:
./components/quotes/Q
uotePDF.tsx
./components/quotes/Q
uotePreviewModal.tsx
./components/quotes/Q
uoteBuilder.tsx
./app/dashboard/quote
s/page.tsx

./components/quotes/Q
uotePDF.tsx
Attempted import 
error: 'Text' is not 
exported from '@react
-pdf/renderer' 
(imported as 'Text').

Import trace for 
requested module:
./components/quotes/Q
uotePDF.tsx
./components/quotes/Q
uotePreviewModal.tsx
./components/quotes/Q
uoteBuilder.tsx
./app/dashboard/quote
s/page.tsx

./components/quotes/Q
uotePDF.tsx
Attempted import 
error: 'View' is not 
exported from '@react
-pdf/renderer' 
(imported as 'View').

Import trace for 
requested module:
./components/quotes/Q
uotePDF.tsx
./components/quotes/Q
uotePreviewModal.tsx
./components/quotes/Q
uoteBuilder.tsx
./app/dashboard/quote
s/page.tsx

./components/quotes/Q
uotePDF.tsx
Attempted import 
error: 'Text' is not 
exported from '@react
-pdf/renderer' 
(imported as 'Text').

Import trace for 
requested module:
./components/quotes/Q
uotePDF.tsx
./components/quotes/Q
uotePreviewModal.tsx
./components/quotes/Q
uoteBuilder.tsx
./app/dashboard/quote
s/page.tsx

./components/quotes/Q
uotePDF.tsx
Attempted import 
error: 'View' is not 
exported from '@react
-pdf/renderer' 
(imported as 'View').

Import trace for 
requested module:
./components/quotes/Q
uotePDF.tsx
./components/quotes/Q
uotePreviewModal.tsx
./components/quotes/Q
uoteBuilder.tsx
./app/dashboard/quote
s/page.tsx

./components/quotes/Q
uotePDF.tsx
Attempted import 
error: 'Text' is not 
exported from '@react
-pdf/renderer' 
(imported as 'Text').

Import trace for 
requested module:
./components/quotes/Q
uotePDF.tsx
./components/quotes/Q
uotePreviewModal.tsx
./components/quotes/Q
uoteBuilder.tsx
./app/dashboard/quote
s/page.tsx

./components/quotes/Q
uotePDF.tsx
Attempted import 
error: 'View' is not 
exported from '@react
-pdf/renderer' 
(imported as 'View').

Import trace for 
requested module:
./components/quotes/Q
uotePDF.tsx
./components/quotes/Q
uotePreviewModal.tsx
./components/quotes/Q
uoteBuilder.tsx
./app/dashboard/quote
s/page.tsx

./components/quotes/Q
uotePDF.tsx
Attempted import 
error: 'Text' is not 
exported from '@react
-pdf/renderer' 
(imported as 'Text').

Import trace for 
requested module:
./components/quotes/Q
uotePDF.tsx
./components/quotes/Q
uotePreviewModal.tsx
./components/quotes/Q
uoteBuilder.tsx
./app/dashboard/quote
s/page.tsx

./components/quotes/Q
uotePDF.tsx
Attempted import 
error: 'View' is not 
exported from '@react
-pdf/renderer' 
(imported as 'View').

Import trace for 
requested module:
./components/quotes/Q
uotePDF.tsx
./components/quotes/Q
uotePreviewModal.tsx
./components/quotes/Q
uoteBuilder.tsx
./app/dashboard/quote
s/page.tsx

./components/quotes/Q
uotePDF.tsx
Attempted import 
error: 'Text' is not 
exported from '@react
-pdf/renderer' 
(imported as 'Text').

Import trace for 
requested module:
./components/quotes/Q
uotePDF.tsx
./components/quotes/Q
uotePreviewModal.tsx
./components/quotes/Q
uoteBuilder.tsx
./app/dashboard/quote
s/page.tsx

./components/quotes/Q
uotePDF.tsx
Attempted import 
error: 'Text' is not 
exported from '@react
-pdf/renderer' 
(imported as 'Text').

Import trace for 
requested module:
./components/quotes/Q
uotePDF.tsx
./components/quotes/Q
uotePreviewModal.tsx
./components/quotes/Q
uoteBuilder.tsx
./app/dashboard/quote
s/page.tsx

./components/quotes/Q
uotePDF.tsx
Attempted import 
error: 'Text' is not 
exported from '@react
-pdf/renderer' 
(imported as 'Text').

Import trace for 
requested module:
./components/quotes/Q
uotePDF.tsx
./components/quotes/Q
uotePreviewModal.tsx
./components/quotes/Q
uoteBuilder.tsx
./app/dashboard/quote
s/page.tsx

./components/quotes/Q
uotePDF.tsx
Attempted import 
error: 'View' is not 
exported from '@react
-pdf/renderer' 
(imported as 'View').

Import trace for 
requested module:
./components/quotes/Q
uotePDF.tsx
./components/quotes/Q
uotePreviewModal.tsx
./components/quotes/Q
uoteBuilder.tsx
./app/dashboard/quote
s/page.tsx

./components/quotes/Q
uotePDF.tsx
Attempted import 
error: 'Text' is not 
exported from '@react
-pdf/renderer' 
(imported as 'Text').

Import trace for 
requested module:
./components/quotes/Q
uotePDF.tsx
./components/quotes/Q
uotePreviewModal.tsx
./components/quotes/Q
uoteBuilder.tsx
./app/dashboard/quote
s/page.tsx

./components/quotes/Q
uotePDF.tsx
Attempted import 
error: 'Text' is not 
exported from '@react
-pdf/renderer' 
(imported as 'Text').

Import trace for 
requested module:
./components/quotes/Q
uotePDF.tsx
./components/quotes/Q
uotePreviewModal.tsx
./components/quotes/Q
uoteBuilder.tsx
./app/dashboard/quote
s/page.tsx

./components/quotes/Q
uotePDF.tsx
Attempted import 
error: 'StyleSheet' 
is not exported from 
'@react-pdf/renderer'
 (imported as 
'StyleSheet').

Import trace for 
requested module:
./components/quotes/Q
uotePDF.tsx
./components/quotes/Q
uotePreviewModal.tsx
./components/quotes/Q
uoteBuilder.tsx
./app/dashboard/quote
s/page.tsx

./components/quotes/Q
uotePDF.tsx
Attempted import 
error: 'Document' is 
not exported from '@r
eact-pdf/renderer' 
(imported as 
'Document').

Import trace for 
requested module:
./components/quotes/Q
uotePDF.tsx
./components/quotes/Q
uotePreviewModal.tsx
./components/quotes/Q
uoteBuilder.tsx
./app/dashboard/quote
s/page.tsx

./components/quotes/Q
uotePDF.tsx
Attempted import 
error: 'Page' is not 
exported from '@react
-pdf/renderer' 
(imported as 'Page').

Import trace for 
requested module:
./components/quotes/Q
uotePDF.tsx
./components/quotes/Q
uotePreviewModal.tsx
./components/quotes/Q
uoteBuilder.tsx
./app/dashboard/quote
s/page.tsx

./components/quotes/Q
uotePDF.tsx
Attempted import 
error: 'View' is not 
exported from '@react
-pdf/renderer' 
(imported as 'View').

Import trace for 
requested module:
./components/quotes/Q
uotePDF.tsx
./components/quotes/Q
uotePreviewModal.tsx
./components/quotes/Q
uoteBuilder.tsx
./app/dashboard/quote
s/page.tsx

./components/quotes/Q
uotePDF.tsx
Attempted import 
error: 'View' is not 
exported from '@react
-pdf/renderer' 
(imported as 'View').

Import trace for 
requested module:
./components/quotes/Q
uotePDF.tsx
./components/quotes/Q
uotePreviewModal.tsx
./components/quotes/Q
uoteBuilder.tsx
./app/dashboard/quote
s/page.tsx

./components/quotes/Q
uotePDF.tsx
Attempted import 
error: 'Text' is not 
exported from '@react
-pdf/renderer' 
(imported as 'Text').

Import trace for 
requested module:
./components/quotes/Q
uotePDF.tsx
./components/quotes/Q
uotePreviewModal.tsx
./components/quotes/Q
uoteBuilder.tsx
./app/dashboard/quote
s/page.tsx

./components/quotes/Q
uotePDF.tsx
Attempted import 
error: 'Text' is not 
exported from '@react
-pdf/renderer' 
(imported as 'Text').

Import trace for 
requested module:
./components/quotes/Q
uotePDF.tsx
./components/quotes/Q
uotePreviewModal.tsx
./components/quotes/Q
uoteBuilder.tsx
./app/dashboard/quote
s/page.tsx

./components/quotes/Q
uotePDF.tsx
Attempted import 
error: 'View' is not 
exported from '@react
-pdf/renderer' 
(imported as 'View').

Import trace for 
requested module:
./components/quotes/Q
uotePDF.tsx
./components/quotes/Q
uotePreviewModal.tsx
./components/quotes/Q
uoteBuilder.tsx
./app/dashboard/quote
s/page.tsx

./components/quotes/Q
uotePDF.tsx
Attempted import 
error: 'Text' is not 
exported from '@react
-pdf/renderer' 
(imported as 'Text').

Import trace for 
requested module:
./components/quotes/Q
uotePDF.tsx
./components/quotes/Q
uotePreviewModal.tsx
./components/quotes/Q
uoteBuilder.tsx
./app/dashboard/quote
s/page.tsx

./components/quotes/Q
uotePDF.tsx
Attempted import 
error: 'Text' is not 
exported from '@react
-pdf/renderer' 
(imported as 'Text').

Import trace for 
requested module:
./components/quotes/Q
uotePDF.tsx
./components/quotes/Q
uotePreviewModal.tsx
./components/quotes/Q
uoteBuilder.tsx
./app/dashboard/quote
s/page.tsx

./components/quotes/Q
uotePDF.tsx
Attempted import 
error: 'Text' is not 
exported from '@react
-pdf/renderer' 
(imported as 'Text').

Import trace for 
requested module:
./components/quotes/Q
uotePDF.tsx
./components/quotes/Q
uotePreviewModal.tsx
./components/quotes/Q
uoteBuilder.tsx
./app/dashboard/quote
s/page.tsx

./components/quotes/Q
uotePDF.tsx
Attempted import 
error: 'Text' is not 
exported from '@react
-pdf/renderer' 
(imported as 'Text').

Import trace for 
requested module:
./components/quotes/Q
uotePDF.tsx
./components/quotes/Q
uotePreviewModal.tsx
./components/quotes/Q
uoteBuilder.tsx
./app/dashboard/quote
s/page.tsx

./components/quotes/Q
uotePDF.tsx
Attempted import 
error: 'View' is not 
exported from '@react
-pdf/renderer' 
(imported as 'View').

Import trace for 
requested module:
./components/quotes/Q
uotePDF.tsx
./components/quotes/Q
uotePreviewModal.tsx
./components/quotes/Q
uoteBuilder.tsx
./app/dashboard/quote
s/page.tsx

./components/quotes/Q
uotePDF.tsx
Attempted import 
error: 'Text' is not 
exported from '@react
-pdf/renderer' 
(imported as 'Text').

Import trace for 
requested module:
./components/quotes/Q
uotePDF.tsx
./components/quotes/Q
uotePreviewModal.tsx
./components/quotes/Q
uoteBuilder.tsx
./app/dashboard/quote
s/page.tsx

./components/quotes/Q
uotePDF.tsx
Attempted import 
error: 'Text' is not 
exported from '@react
-pdf/renderer' 
(imported as 'Text').

Import trace for 
requested module:
./components/quotes/Q
uotePDF.tsx
./components/quotes/Q
uotePreviewModal.tsx
./components/quotes/Q
uoteBuilder.tsx
./app/dashboard/quote
s/page.tsx

./components/quotes/Q
uotePDF.tsx
Attempted import 
error: 'View' is not 
exported from '@react
-pdf/renderer' 
(imported as 'View').

Import trace for 
requested module:
./components/quotes/Q
uotePDF.tsx
./components/quotes/Q
uotePreviewModal.tsx
./components/quotes/Q
uoteBuilder.tsx
./app/dashboard/quote
s/page.tsx

./components/quotes/Q
uotePDF.tsx
Attempted import 
error: 'View' is not 
exported from '@react
-pdf/renderer' 
(imported as 'View').

Import trace for 
requested module:
./components/quotes/Q
uotePDF.tsx
./components/quotes/Q
uotePreviewModal.tsx
./components/quotes/Q
uoteBuilder.tsx
./app/dashboard/quote
s/page.tsx

./components/quotes/Q
uotePDF.tsx
Attempted import 
error: 'View' is not 
exported from '@react
-pdf/renderer' 
(imported as 'View').

Import trace for 
requested module:
./components/quotes/Q
uotePDF.tsx
./components/quotes/Q
uotePreviewModal.tsx
./components/quotes/Q
uoteBuilder.tsx
./app/dashboard/quote
s/page.tsx

./components/quotes/Q
uotePDF.tsx
Attempted import 
error: 'Text' is not 
exported from '@react
-pdf/renderer' 
(imported as 'Text').

Import trace for 
requested module:
./components/quotes/Q
uotePDF.tsx
./components/quotes/Q
uotePreviewModal.tsx
./components/quotes/Q
uoteBuilder.tsx
./app/dashboard/quote
s/page.tsx

./components/quotes/Q
uotePDF.tsx
Attempted import 
error: 'View' is not 
exported from '@react
-pdf/renderer' 
(imported as 'View').

Import trace for 
requested module:
./components/quotes/Q
uotePDF.tsx
./components/quotes/Q
uotePreviewModal.tsx
./components/quotes/Q
uoteBuilder.tsx
./app/dashboard/quote
s/page.tsx

./components/quotes/Q
uotePDF.tsx
Attempted import 
error: 'Text' is not 
exported from '@react
-pdf/renderer' 
(imported as 'Text').

Import trace for 
requested module:
./components/quotes/Q
uotePDF.tsx
./components/quotes/Q
uotePreviewModal.tsx
./components/quotes/Q
uoteBuilder.tsx
./app/dashboard/quote
s/page.tsx

./components/quotes/Q
uotePDF.tsx
Attempted import 
error: 'View' is not 
exported from '@react
-pdf/renderer' 
(imported as 'View').

Import trace for 
requested module:
./components/quotes/Q
uotePDF.tsx
./components/quotes/Q
uotePreviewModal.tsx
./components/quotes/Q
uoteBuilder.tsx
./app/dashboard/quote
s/page.tsx

./components/quotes/Q
uotePDF.tsx
Attempted import 
error: 'Text' is not 
exported from '@react
-pdf/renderer' 
(imported as 'Text').

Import trace for 
requested module:
./components/quotes/Q
uotePDF.tsx
./components/quotes/Q
uotePreviewModal.tsx
./components/quotes/Q
uoteBuilder.tsx
./app/dashboard/quote
s/page.tsx

./components/quotes/Q
uotePDF.tsx
Attempted import 
error: 'View' is not 
exported from '@react
-pdf/renderer' 
(imported as 'View').

Import trace for 
requested module:
./components/quotes/Q
uotePDF.tsx
./components/quotes/Q
uotePreviewModal.tsx
./components/quotes/Q
uoteBuilder.tsx
./app/dashboard/quote
s/page.tsx

./components/quotes/Q
uotePDF.tsx
Attempted import 
error: 'Text' is not 
exported from '@react
-pdf/renderer' 
(imported as 'Text').

Import trace for 
requested module:
./components/quotes/Q
uotePDF.tsx
./components/quotes/Q
uotePreviewModal.tsx
./components/quotes/Q
uoteBuilder.tsx
./app/dashboard/quote
s/page.tsx

./components/quotes/Q
uotePDF.tsx
Attempted import 
error: 'View' is not 
exported from '@react
-pdf/renderer' 
(imported as 'View').

Import trace for 
requested module:
   Linting and checking validity of types ...
./components/quotes/Q
uotePDF.tsx
./components/quotes/Q
uotePreviewModal.tsx
./components/quotes/Q
uoteBuilder.tsx
./app/dashboard/quote
s/page.tsx

./components/quotes/Q
uotePDF.tsx
Attempted import 
error: 'View' is not 
exported from '@react
-pdf/renderer' 
(imported as 'View').

Import trace for 
requested module:
./components/quotes/Q
uotePDF.tsx
./components/quotes/Q
uotePreviewModal.tsx
./components/quotes/Q
uoteBuilder.tsx
./app/dashboard/quote
s/page.tsx

./components/quotes/Q
uotePDF.tsx
Attempted import 
error: 'Text' is not 
exported from '@react
-pdf/renderer' 
(imported as 'Text').

Import trace for 
requested module:
./components/quotes/Q
uotePDF.tsx
./components/quotes/Q
uotePreviewModal.tsx
./components/quotes/Q
uoteBuilder.tsx
./app/dashboard/quote
s/page.tsx

./components/quotes/Q
uotePDF.tsx
Attempted import 
error: 'View' is not 
exported from '@react
-pdf/renderer' 
(imported as 'View').

Import trace for 
requested module:
./components/quotes/Q
uotePDF.tsx
./components/quotes/Q
uotePreviewModal.tsx
./components/quotes/Q
uoteBuilder.tsx
./app/dashboard/quote
s/page.tsx

./components/quotes/Q
uotePDF.tsx
Attempted import 
error: 'Text' is not 
exported from '@react
-pdf/renderer' 
(imported as 'Text').

Import trace for 
requested module:
./components/quotes/Q
uotePDF.tsx
./components/quotes/Q
uotePreviewModal.tsx
./components/quotes/Q
uoteBuilder.tsx
./app/dashboard/quote
s/page.tsx

./components/quotes/Q
uotePDF.tsx
Attempted import 
error: 'View' is not 
exported from '@react
-pdf/renderer' 
(imported as 'View').

Import trace for 
requested module:
./components/quotes/Q
uotePDF.tsx
./components/quotes/Q
uotePreviewModal.tsx
./components/quotes/Q
uoteBuilder.tsx
./app/dashboard/quote
s/page.tsx

./components/quotes/Q
uotePDF.tsx
Attempted import 
error: 'Text' is not 
exported from '@react
-pdf/renderer' 
(imported as 'Text').

Import trace for 
requested module:
./components/quotes/Q
uotePDF.tsx
./components/quotes/Q
uotePreviewModal.tsx
./components/quotes/Q
uoteBuilder.tsx
./app/dashboard/quote
s/page.tsx

./components/quotes/Q
uotePDF.tsx
Attempted import 
error: 'View' is not 
exported from '@react
-pdf/renderer' 
(imported as 'View').

Import trace for 
requested module:
./components/quotes/Q
uotePDF.tsx
./components/quotes/Q
uotePreviewModal.tsx
./components/quotes/Q
uoteBuilder.tsx
./app/dashboard/quote
s/page.tsx

./components/quotes/Q
uotePDF.tsx
Attempted import 
error: 'Text' is not 
exported from '@react
-pdf/renderer' 
(imported as 'Text').

Import trace for 
requested module:
./components/quotes/Q
uotePDF.tsx
./components/quotes/Q
uotePreviewModal.tsx
./components/quotes/Q
uoteBuilder.tsx
./app/dashboard/quote
s/page.tsx

./components/quotes/Q
uotePDF.tsx
Attempted import 
error: 'View' is not 
exported from '@react
-pdf/renderer' 
(imported as 'View').

Import trace for 
requested module:
./components/quotes/Q
uotePDF.tsx
./components/quotes/Q
uotePreviewModal.tsx
./components/quotes/Q
uoteBuilder.tsx
./app/dashboard/quote
s/page.tsx

./components/quotes/Q
uotePDF.tsx
Attempted import 
error: 'Text' is not 
exported from '@react
-pdf/renderer' 
(imported as 'Text').

Import trace for 
requested module:
./components/quotes/Q
uotePDF.tsx
./components/quotes/Q
uotePreviewModal.tsx
./components/quotes/Q
uoteBuilder.tsx
./app/dashboard/quote
s/page.tsx

./components/quotes/Q
uotePDF.tsx
Attempted import 
error: 'View' is not 
exported from '@react
-pdf/renderer' 
(imported as 'View').

Import trace for 
requested module:
./components/quotes/Q
uotePDF.tsx
./components/quotes/Q
uotePreviewModal.tsx
./components/quotes/Q
uoteBuilder.tsx
./app/dashboard/quote
s/page.tsx

./components/quotes/Q
uotePDF.tsx
Attempted import 
error: 'Text' is not 
exported from '@react
-pdf/renderer' 
(imported as 'Text').

Import trace for 
requested module:
./components/quotes/Q
uotePDF.tsx
./components/quotes/Q
uotePreviewModal.tsx
./components/quotes/Q
uoteBuilder.tsx
./app/dashboard/quote
s/page.tsx

./components/quotes/Q
uotePDF.tsx
Attempted import 
error: 'Text' is not 
exported from '@react
-pdf/renderer' 
(imported as 'Text').

Import trace for 
requested module:
./components/quotes/Q
uotePDF.tsx
./components/quotes/Q
uotePreviewModal.tsx
./components/quotes/Q
uoteBuilder.tsx
./app/dashboard/quote
s/page.tsx

./components/quotes/Q
uotePDF.tsx
Attempted import 
error: 'Text' is not 
exported from '@react
-pdf/renderer' 
(imported as 'Text').

Import trace for 
requested module:
./components/quotes/Q
uotePDF.tsx
./components/quotes/Q
uotePreviewModal.tsx
./components/quotes/Q
uoteBuilder.tsx
./app/dashboard/quote
s/page.tsx

./components/quotes/Q
uotePDF.tsx
Attempted import 
error: 'View' is not 
exported from '@react
-pdf/renderer' 
(imported as 'View').

Import trace for 
requested module:
./components/quotes/Q
uotePDF.tsx
./components/quotes/Q
uotePreviewModal.tsx
./components/quotes/Q
uoteBuilder.tsx
./app/dashboard/quote
s/page.tsx

./components/quotes/Q
uotePDF.tsx
Attempted import 
error: 'Text' is not 
exported from '@react
-pdf/renderer' 
(imported as 'Text').

Import trace for 
requested module:
./components/quotes/Q
uotePDF.tsx
./components/quotes/Q
uotePreviewModal.tsx
./components/quotes/Q
uoteBuilder.tsx
./app/dashboard/quote
s/page.tsx

./components/quotes/Q
uotePDF.tsx
Attempted import 
error: 'Text' is not 
exported from '@react
-pdf/renderer' 
(imported as 'Text').

Import trace for 
requested module:
./components/quotes/Q
uotePDF.tsx
./components/quotes/Q
uotePreviewModal.tsx
./components/quotes/Q
uoteBuilder.tsx
./app/dashboard/quote
s/page.tsx

   Collecting page data ...
   Generating static pages (0/16) ...

   Generating static pages (4/16) 

   Generating static pages (8/16) 

   Generating static pages (12/16) 

 Ô£ô Generating static pages (16/16) 
   Finalizing page optimization ...
   Collecting build traces ...

Route (app)                              Size     First Load JS
Ôöî Ôùï /                                    4.25 kB         137 kB
Ôö£ Ôùï /_not-found                          880 B          81.7 kB
Ôö£ ╬╗ /auth/callback                       0 B                0 B
Ôö£ ╬╗ /dashboard                           11.1 kB         305 kB
Ôö£ Ôùï /dashboard/citas                     11.5 kB         199 kB
Ôö£ Ôùï /dashboard/clients                   9.53 kB         196 kB
Ôö£ Ôùï /dashboard/kanban                    42.5 kB         236 kB
Ôö£ Ôùï /dashboard/mail                      10.4 kB         229 kB
Ôö£ Ôùï /dashboard/notifications             2.02 kB         147 kB
Ôö£ Ôùï /dashboard/quotes                    25.6 kB         205 kB
Ôö£ Ôùï /dashboard/reports                   8.24 kB         249 kB
Ôö£ Ôùï /dashboard/settings                  4.19 kB         184 kB
Ôö£ Ôùï /dashboard/users                     6.4 kB          186 kB
Ôöö Ôùï /login                               4.21 kB         194 kB
+ First Load JS shared by all            80.9 kB
  Ôö£ chunks/472-3e4d741013ac4ea7.js       27.6 kB
  Ôö£ chunks/fd9d1056-3e420b95afb374c8.js  51.1 kB
  Ôö£ chunks/main-app-3c4638fa2bcc73b7.js  235 B
  Ôöö chunks/webpack-6e8996a19a5c7d28.js   1.93 kB


ãÆ Middleware                             148 kB

╬╗  (Server)  server-side renders at runtime (uses getInitialProps or getServerSideProps)
Ôùï  (Static)  automatically rendered as static HTML (uses no initial props)

