
> client@0.1.0 build
> next build

node.exe : ÔÜá 
Warning: Next.js 
inferred your 
workspace root, but 
it may not be 
correct.
En línea: 1 
Carácter: 1
+ & "C:\Program Files
\nodejs/node.exe" "C:
\Users\alexh\AppData\
Roaming\ ...
+ ~~~~~~~~~~~~~~~~~~~
~~~~~~~~~~~~~~~~~~~~~
~~~~~~~~~~~~~~~~~~~~~
~~~~~~~~
    + CategoryInfo   
           : NotSpe  
  cified: (ÔÜá War   
 ning: Ne...not b    
e correct.:Strin    
g) [], RemoteExc    
eption
    + FullyQualified 
   ErrorId : Native  
  CommandError
 
 We detected 
multiple lockfiles 
and selected the 
directory of C:\Users
\alexh\OneDrive\Docum
entos\GitHub\Personal
\star-crm\package-loc
k.json as the root 
directory.
 To silence this 
warning, set 
`turbopack.root` in 
your Next.js config, 
or consider removing 
one of the lockfiles 
if it's not needed.
   See https://nextjs
.org/docs/app/api-ref
erence/config/next-co
nfig-js/turbopack#roo
t-directory for more 
information.
 Detected additional 
lockfiles: 
   * C:\Users\alexh\O
neDrive\Documentos\Gi
tHub\Personal\star-cr
m\client\package-lock
.json

Ôû▓ Next.js 16.1.6 (Turbopack)
- Environments: .env

ÔÜá The "middleware" 
file convention is 
deprecated. Please 
use "proxy" instead. 
Learn more: https://n
extjs.org/docs/messag
es/middleware-to-prox
y
  Creating an optimized production build ...
Ô£ô Compiled successfully in 9.8s
  Running TypeScript ...
Failed to compile.

./components/quotes/E
mailThreads.tsx:20:45
Type error: Property 
'getThreads' does 
not exist on type '{ 
sendQuote: (data: { 
to: string; subject: 
string; message: 
string; pdfBase64: 
string; filename: 
string; }) => 
Promise<any>; 
getInbox: 
(pageToken?: string 
| undefined, 
maxResults?: number) 
=> Promise<...>; 
send: (data: { ...; 
}) => Promise<...>; 
getMessage: (id: 
string) => 
Promise<...>; 
getAttachment: 
(messageId: st...'.

[0m [90m 18 |[39m 
            setLoadin
g([36mtrue[39m)[33
m;[39m
 [90m 19 |[39m     
        
[36mtry[39m {
[31m[1m>[22m[39m
[90m 20 |[39m       
          
[36mconst[39m data 
[33m=[39m 
[36mawait[39m api[
33m.[39mmail[33m.[
39mgetThreads(clientE
mail)[33m;[39m
 [90m    |[39m     
                     
                   
[31m[1m^[22m[39m
 [90m 21 |[39m     
            
setThreads(data 
[33m||[39m 
[])[33m;[39m
 [90m 22 |[39m     
        } 
[36mcatch[39m 
(error) {
 [90m 23 |[39m     
            console[
33m.[39merror([32m'
Error fetching thread
s:'[39m[33m,[39m 
error)[33m;[39m[0m
Next.js build worker 
exited with code: 1 
and signal: null
