node.exe : [31m[Nest] 
3200  - 
[39m25/02/2026, 
9:18:48 p.┬ám. [31m  
ERROR[39m [38;5;3m[Ex
ceptionsHandler] 
[39mError: null value 
in column "client_id" 
of relation 
"appointments" 
violates not-null 
constraint
En línea: 1 Carácter: 1
+ & "C:\Program 
Files\nodejs/node.exe" 
"C:\Users\alexh\AppData
\Roaming\ ...
+ ~~~~~~~~~~~~~~~~~~~~~
~~~~~~~~~~~~~~~~~~~~~~~
~~~~~~~~~~~~~~~~~~~~~~~
~~
    + CategoryInfo     
         : NotSpecifi  
  ed: ([31m[Nest] 3   
 20...null constrai    
nt:String) [], Rem    
oteException
    + FullyQualifiedEr 
   rorId : NativeComm  
  andError
 
    at AppointmentsServ
ice.createAppointment 
[90m(C:\Users\alexh\Dow
nloads\Star-CRM\server\
[39msrc\appointments\a
ppointments.service.ts:
189:22[90m)[39m
[90m    at processTick
sAndRejections (node:in
ternal/process/task_que
ues:103:5)[39m
    at [90mC:\Users\al
exh\Downloads\Star-CRM\
server\[39mnode_module
s\[4m@nestjs\core[24m
\router\router-executio
n-context.js:46:28
    at [90mC:\Users\al
exh\Downloads\Star-CRM\
server\[39mnode_module
s\[4m@nestjs\core[24m
\router\router-proxy.js
:9:17
[31m[Nest] 3200  - 
[39m25/02/2026, 
9:18:50 p.┬ám. [31m  
ERROR[39m [38;5;3m[Ex
ceptionsHandler] 
[39mError: invalid 
input syntax for type 
date: "fecha-invalida"
    at AppointmentsServ
ice.getAppointments [9
0m(C:\Users\alexh\Downl
oads\Star-CRM\server\[
39msrc\appointments\app
ointments.service.ts:10
2:22[90m)[39m
[90m    at processTick
sAndRejections (node:in
ternal/process/task_que
ues:103:5)[39m
    at [90mC:\Users\al
exh\Downloads\Star-CRM\
server\[39mnode_module
s\[4m@nestjs\core[24m
\router\router-executio
n-context.js:46:28
    at [90mC:\Users\al
exh\Downloads\Star-CRM\
server\[39mnode_module
s\[4m@nestjs\core[24m
\router\router-proxy.js
:9:17
  console.log
    [CLEANUP] Destruyendo cita de prueba generada: ca67366b-3a52-42cf-8d4f-2113e31340ab

      at Object.<anonymous> (appointments.e2e-spec.ts:33:21)

FAIL test/appointments.
e2e-spec.ts (19.757 s)
  
AppointmentsController 
(e2e) - SAFE MODE
    Fase 1: Bombardeo 
a la Creaci├│n (POST 
/appointments)
      ├ù Debe rechazar 
la creaci├│n si el 
payload est├í vac├¡o 
(Esperamos 400, NUNCA 
500) (1276 ms)
      ÔêÜ Debe crear 
una cita de prueba 
aislada exitosamente 
(Status 201) (706 ms)
    Fase 2: Bombardeo 
a las Consultas (GET 
/appointments)
      ÔêÜ Debe obtener 
las citas sin fallar 
(Status 200) (640 ms)
      ├ù Debe fallar 
elegantemente con 
fechas inv├ílidas en 
los filtros (Esperamos 
400, NUNCA 500) (526 
ms)
    Fase 3: Destapando 
brechas en la Edici├│n 
(PATCH 
/appointments/:id)
      ÔêÜ Debe lanzar 
404 o 400 al intentar 
editar un ID que no es 
UUID v├ílido (NUNCA 
500) (465 ms)
      ├ù Debe permitir 
editar SOLO la cita de 
prueba generada 
(Status 200) (479 ms)
    Fase 4: Destapando 
Errores de Estado 
(PATCH /appointments/:i
d/status)
      ÔêÜ Debe 
rechazar estados 
inventados/ilegales 
(Esperamos 400, NUNCA 
500) (449 ms)

  ÔùÅ 
AppointmentsController 
(e2e) - SAFE MODE ÔÇ║ 
Fase 1: Bombardeo a la 
Creaci├│n (POST 
/appointments) ÔÇ║ 
Debe rechazar la 
creaci├│n si el 
payload est├í vac├¡o 
(Esperamos 400, NUNCA 
500)

    Crasheo 500: 
Faltan validaciones de 
DTO en 
createAppointment.

    [0m [90m 45 
|[39m                 
[33m.[39m[36mset[39
m([32m'Authorization'
[39m[33m,[39m 
[33mTEST_TOKEN[39m)
     [90m 46 |[39m   
              
[33m.[39msend({})
    [31m[1m>[22m[39
m[90m 47 |[39m       
          [33m.[39mex
pect((res) 
[33m=>[39m {
     [90m    |[39m   
               
[31m[1m^[22m[39m
     [90m 48 |[39m   
                  
[36mif[39m 
(res[33m.[39mstatus 
[33m===[39m 
[35m500[39m) 
[36mthrow[39m 
[36mnew[39m [33mErro
r[39m([32m'Crasheo 
500: Faltan 
validaciones de DTO en 
createAppointment.'[39
m)[33m;[39m
     [90m 49 |[39m   
                  expec
t(res[33m.[39mstatus)
[33m.[39mtoBe([35m40
0[39m)[33m;[39m 
[90m// Bad Request 
por validaci├│n[39m
     [90m 50 |[39m   
              
})[33m;[39m[0m

      at 
Object.<anonymous> (app
ointments.e2e-spec.ts:4
7:18)
      ----
      at appointments.e
2e-spec.ts:48:51
      at ../node_module
s/supertest/lib/test.js
:365:13
      at 
Test._assertFunction (.
./node_modules/supertes
t/lib/test.js:342:13)
      at Test.assert (.
./node_modules/supertes
t/lib/test.js:195:23)
      at localAssert (.
./node_modules/supertes
t/lib/test.js:138:14)
      at 
Server.<anonymous> (../
node_modules/supertest/
lib/test.js:152:11)

  ÔùÅ 
AppointmentsController 
(e2e) - SAFE MODE ÔÇ║ 
Fase 2: Bombardeo a 
las Consultas (GET 
/appointments) ÔÇ║ 
Debe fallar 
elegantemente con 
fechas inv├ílidas en 
los filtros (Esperamos 
400, NUNCA 500)

    Crasheo 500: El 
backend intent├│ 
parsear fechas 
malformadas y fall├│.

    [0m [90m 88 
|[39m                 
[33m.[39m[36mget[39
m([32m'/appointments?f
rom=fecha-invalida&to=o
tra-fecha-mala'[39m)
     [90m 89 |[39m   
              [33m.[3
9m[36mset[39m([32m'A
uthorization'[39m[33m
,[39m 
[33mTEST_TOKEN[39m)
    [31m[1m>[22m[39
m[90m 90 |[39m       
          [33m.[39mex
pect((res) 
[33m=>[39m {
     [90m    |[39m   
               
[31m[1m^[22m[39m
     [90m 91 |[39m   
                  
[36mif[39m 
(res[33m.[39mstatus 
[33m===[39m 
[35m500[39m) 
[36mthrow[39m 
[36mnew[39m [33mErro
r[39m([32m'Crasheo 
500: El backend 
intent├│ parsear 
fechas malformadas y fa
ll├│.'[39m)[33m;[39m
     [90m 92 |[39m   
              
})[33m;[39m
     [90m 93 |[39m   
      })[33m;[39m[0m

      at 
Object.<anonymous> (app
ointments.e2e-spec.ts:9
0:18)
      ----
      at appointments.e
2e-spec.ts:91:51
      at ../node_module
s/supertest/lib/test.js
:365:13
      at 
Test._assertFunction (.
./node_modules/supertes
t/lib/test.js:342:13)
      at Test.assert (.
./node_modules/supertes
t/lib/test.js:195:23)
      at localAssert (.
./node_modules/supertes
t/lib/test.js:138:14)
      at 
Server.<anonymous> (../
node_modules/supertest/
lib/test.js:152:11)

  ÔùÅ 
AppointmentsController 
(e2e) - SAFE MODE ÔÇ║ 
Fase 3: Destapando 
brechas en la Edici├│n 
(PATCH 
/appointments/:id) ÔÇ║ 
Debe permitir editar 
SOLO la cita de prueba 
generada (Status 200)

    expect(received).to
Be(expected) // 
Object.is equality

    Expected: 200
    Received: 400

    [0m [90m 111 
|[39m                 
[33m.[39m[36mset[39
m([32m'Authorization'
[39m[33m,[39m 
[33mTEST_TOKEN[39m)
     [90m 112 |[39m  
               
[33m.[39msend({ 
notes[33m:[39m 
[32m'Nota agregada 
por el test 
autom├ítico'[39m })
    [31m[1m>[22m[39
m[90m 113 |[39m      
           [33m.[39me
xpect((res) 
[33m=>[39m {
     [90m     |[39m  
                
[31m[1m^[22m[39m
     [90m 114 |[39m  
                   
[36mif[39m 
(res[33m.[39mstatus 
[33m===[39m 
[35m500[39m) 
[36mthrow[39m 
[36mnew[39m [33mErro
r[39m([32m'Crasheo 
500 al editar la 
cita.'[39m)[33m;[39m
     [90m 115 |[39m  
                   expe
ct(res[33m.[39mstatus
)[33m.[39mtoBe([35m2
00[39m)[33m;[39m
     [90m 116 |[39m  
               
})[33m;[39m[0m

      at 
Object.<anonymous> (app
ointments.e2e-spec.ts:1
13:18)
      ----
      at appointments.e
2e-spec.ts:115:40
      at ../node_module
s/supertest/lib/test.js
:365:13
      at 
Test._assertFunction (.
./node_modules/supertes
t/lib/test.js:342:13)
      at Test.assert (.
./node_modules/supertes
t/lib/test.js:195:23)
      at localAssert (.
./node_modules/supertes
t/lib/test.js:138:14)
      at 
Server.<anonymous> (../
node_modules/supertest/
lib/test.js:152:11)

Test Suites: 1 failed, 
1 total
Tests:       3 failed, 
4 passed, 7 total
Snapshots:   0 total
Time:        20.068 s
Ran all test suites 
matching appointments.e
2e-spec.ts.
